// Jest Snapshot v1, https://goo.gl/fbAQLP

exports[`rpc.misc datetime 1`] = `1541448131.8188`;

exports[`rpc.misc ping 1`] = `"pong"`;

exports[`rpc.misc version 1`] = `"3.2.11"`;
