// Jest Snapshot v1, https://goo.gl/fbAQLP

exports[`jeedom-node api config config::byKey 1`] = `"3.2.11"`;

exports[`jeedom-node api datetime 1`] = `1541261780.4365`;

exports[`jeedom-node api ping 1`] = `"pong"`;

exports[`jeedom-node api version 1`] = `"3.2.11"`;
